Component: ARM Compiler 5.06 update 4 (build 422) Tool: armlink [4d35d2]

==============================================================================

Section Cross References

    main.o(i.assert_nrf_callback) refers to app_error.o(i.app_error_handler) for app_error_handler
    main.o(i.battery_level_meas_timeout_handler) refers to sensorsim.o(i.sensorsim_measure) for sensorsim_measure
    main.o(i.battery_level_meas_timeout_handler) refers to ble_bas.o(i.ble_bas_battery_level_update) for ble_bas_battery_level_update
    main.o(i.battery_level_meas_timeout_handler) refers to app_error.o(i.app_error_handler) for app_error_handler
    main.o(i.battery_level_meas_timeout_handler) refers to main.o(.bss) for .bss
    main.o(i.battery_level_meas_timeout_handler) refers to main.o(.data) for .data
    main.o(i.beacon_evt_handler) refers to printf8.o(i.__0printf$8) for __2printf
    main.o(i.beacon_evt_handler) refers to bsp.o(i.bsp_indication_set) for bsp_indication_set
    main.o(i.beacon_evt_handler) refers to app_error.o(i.app_error_handler) for app_error_handler
    main.o(i.beacon_scanner_error_handler) refers to app_error.o(i.app_error_handler) for app_error_handler
    main.o(i.ble_evt_dispatch) refers to scanner_beacon.o(i.app_beacon_scanner_on_ble_evt) for app_beacon_scanner_on_ble_evt
    main.o(i.ble_evt_dispatch) refers to device_manager_peripheral.o(i.dm_ble_evt_handler) for dm_ble_evt_handler
    main.o(i.ble_evt_dispatch) refers to ble_hrs.o(i.ble_hrs_on_ble_evt) for ble_hrs_on_ble_evt
    main.o(i.ble_evt_dispatch) refers to ble_bas.o(i.ble_bas_on_ble_evt) for ble_bas_on_ble_evt
    main.o(i.ble_evt_dispatch) refers to ble_conn_params.o(i.ble_conn_params_on_ble_evt) for ble_conn_params_on_ble_evt
    main.o(i.ble_evt_dispatch) refers to bsp_btn_ble.o(i.bsp_btn_ble_on_ble_evt) for bsp_btn_ble_on_ble_evt
    main.o(i.ble_evt_dispatch) refers to main.o(i.on_ble_evt) for on_ble_evt
    main.o(i.ble_evt_dispatch) refers to ble_advertising.o(i.ble_advertising_on_ble_evt) for ble_advertising_on_ble_evt
    main.o(i.ble_evt_dispatch) refers to main.o(.bss) for .bss
    main.o(i.ble_stack_init) refers to softdevice_handler.o(i.softdevice_handler_init) for softdevice_handler_init
    main.o(i.ble_stack_init) refers to app_error.o(i.app_error_handler) for app_error_handler
    main.o(i.ble_stack_init) refers to softdevice_handler.o(i.softdevice_ble_evt_handler_set) for softdevice_ble_evt_handler_set
    main.o(i.ble_stack_init) refers to softdevice_handler.o(i.softdevice_sys_evt_handler_set) for softdevice_sys_evt_handler_set
    main.o(i.ble_stack_init) refers to main.o(.bss) for .bss
    main.o(i.ble_stack_init) refers to main.o(i.ble_evt_dispatch) for ble_evt_dispatch
    main.o(i.ble_stack_init) refers to main.o(i.sys_evt_dispatch) for sys_evt_dispatch
    main.o(i.bsp_event_handler) refers to main.o(i.sleep_mode_enter) for sleep_mode_enter
    main.o(i.bsp_event_handler) refers to app_error.o(i.app_error_handler) for app_error_handler
    main.o(i.bsp_event_handler) refers to main.o(.data) for .data
    main.o(i.conn_params_error_handler) refers to app_error.o(i.app_error_handler) for app_error_handler
    main.o(i.device_manager_evt_handler) refers to app_error.o(i.app_error_handler) for app_error_handler
    main.o(i.device_manager_init) refers to pstorage.o(i.pstorage_init) for pstorage_init
    main.o(i.device_manager_init) refers to app_error.o(i.app_error_handler) for app_error_handler
    main.o(i.device_manager_init) refers to device_manager_peripheral.o(i.dm_init) for dm_init
    main.o(i.device_manager_init) refers to memseta.o(.text) for __aeabi_memclr
    main.o(i.device_manager_init) refers to device_manager_peripheral.o(i.dm_register) for dm_register
    main.o(i.device_manager_init) refers to main.o(i.device_manager_evt_handler) for device_manager_evt_handler
    main.o(i.device_manager_init) refers to main.o(.data) for .data
    main.o(i.gap_params_init) refers to app_error.o(i.app_error_handler) for app_error_handler
    main.o(i.heart_rate_meas_timeout_handler) refers to sensorsim.o(i.sensorsim_measure) for sensorsim_measure
    main.o(i.heart_rate_meas_timeout_handler) refers to ble_hrs.o(i.ble_hrs_heart_rate_measurement_send) for ble_hrs_heart_rate_measurement_send
    main.o(i.heart_rate_meas_timeout_handler) refers to app_error.o(i.app_error_handler) for app_error_handler
    main.o(i.heart_rate_meas_timeout_handler) refers to uidiv.o(.text) for __aeabi_uidivmod
    main.o(i.heart_rate_meas_timeout_handler) refers to main.o(.bss) for .bss
    main.o(i.heart_rate_meas_timeout_handler) refers to main.o(.data) for .data
    main.o(i.main) refers to main.o(i.timers_init) for timers_init
    main.o(i.main) refers to bsp.o(i.bsp_init) for bsp_init
    main.o(i.main) refers to app_error.o(i.app_error_handler) for app_error_handler
    main.o(i.main) refers to bsp_btn_ble.o(i.bsp_btn_ble_init) for bsp_btn_ble_init
[...]
    i.main_state_err_busy_process            0x0001fdd4   Section        0  pstorage.o(i.main_state_err_busy_process)
    main_state_err_busy_process              0x0001fdd5   Thumb Code    20  pstorage.o(i.main_state_err_busy_process)
    i.manuf_specific_data_encode             0x0001fdec   Section        0  ble_advdata.o(i.manuf_specific_data_encode)
    manuf_specific_data_encode               0x0001fded   Thumb Code   104  ble_advdata.o(i.manuf_specific_data_encode)
    i.name_encode                            0x0001fe54   Section        0  ble_advdata.o(i.name_encode)
    name_encode                              0x0001fe55   Thumb Code   158  ble_advdata.o(i.name_encode)
    i.no_service_context_apply               0x0001fef2   Section        0  device_manager_peripheral.o(i.no_service_context_apply)
    no_service_context_apply                 0x0001fef3   Thumb Code     4  device_manager_peripheral.o(i.no_service_context_apply)
    i.no_service_context_load                0x0001fef6   Section        0  device_manager_peripheral.o(i.no_service_context_load)
    no_service_context_load                  0x0001fef7   Thumb Code     4  device_manager_peripheral.o(i.no_service_context_load)
    i.no_service_context_store               0x0001fefa   Section        0  device_manager_peripheral.o(i.no_service_context_store)
    no_service_context_store                 0x0001fefb   Thumb Code     4  device_manager_peripheral.o(i.no_service_context_store)
    i.nrf_drv_common_irq_enable              0x0001ff00   Section        0  nrf_drv_common.o(i.nrf_drv_common_irq_enable)
    i.nrf_drv_gpiote_in_event_enable         0x0001ff60   Section        0  nrf_drv_gpiote.o(i.nrf_drv_gpiote_in_event_enable)
    i.nrf_drv_gpiote_in_init                 0x00020000   Section        0  nrf_drv_gpiote.o(i.nrf_drv_gpiote_in_init)
    i.nrf_drv_gpiote_in_is_set               0x000200a4   Section        0  nrf_drv_gpiote.o(i.nrf_drv_gpiote_in_is_set)
    i.nrf_drv_gpiote_init                    0x000200b8   Section        0  nrf_drv_gpiote.o(i.nrf_drv_gpiote_init)
    i.nrf_drv_gpiote_is_init                 0x0002010c   Section        0  nrf_drv_gpiote.o(i.nrf_drv_gpiote_is_init)
    i.nrf_drv_uart_init                      0x0002011c   Section        0  nrf_drv_uart.o(i.nrf_drv_uart_init)
    i.nrf_drv_uart_rx                        0x000201cc   Section        0  nrf_drv_uart.o(i.nrf_drv_uart_rx)
    i.nrf_drv_uart_rx_enable                 0x00020280   Section        0  nrf_drv_uart.o(i.nrf_drv_uart_rx_enable)
    i.nrf_drv_uart_tx                        0x00020298   Section        0  nrf_drv_uart.o(i.nrf_drv_uart_tx)
    i.nrf_gpio_cfg                           0x00020324   Section        0  nrf_drv_gpiote.o(i.nrf_gpio_cfg)
    nrf_gpio_cfg                             0x00020325   Thumb Code    32  nrf_drv_gpiote.o(i.nrf_gpio_cfg)
    i.nrf_gpio_cfg                           0x00020348   Section        0  nrf_drv_uart.o(i.nrf_gpio_cfg)
    nrf_gpio_cfg                             0x00020349   Thumb Code    32  nrf_drv_uart.o(i.nrf_gpio_cfg)
    i.nrf_gpio_cfg_input                     0x0002036c   Section        0  nrf_drv_uart.o(i.nrf_gpio_cfg_input)
    nrf_gpio_cfg_input                       0x0002036d   Thumb Code    18  nrf_drv_uart.o(i.nrf_gpio_cfg_input)
    i.nrf_gpio_cfg_output                    0x0002037e   Section        0  nrf_drv_uart.o(i.nrf_gpio_cfg_output)
    nrf_gpio_cfg_output                      0x0002037f   Thumb Code    20  nrf_drv_uart.o(i.nrf_gpio_cfg_output)
    i.nrf_gpio_cfg_sense_set                 0x00020394   Section        0  nrf_drv_gpiote.o(i.nrf_gpio_cfg_sense_set)
    nrf_gpio_cfg_sense_set                   0x00020395   Thumb Code    26  nrf_drv_gpiote.o(i.nrf_gpio_cfg_sense_set)
    i.nrf_gpiote_event_is_set                0x000203b4   Section        0  nrf_drv_gpiote.o(i.nrf_gpiote_event_is_set)
    nrf_gpiote_event_is_set                  0x000203b5   Thumb Code    14  nrf_drv_gpiote.o(i.nrf_gpiote_event_is_set)
    i.nrf_uart_event_check                   0x000203c8   Section        0  nrf_drv_uart.o(i.nrf_uart_event_check)
    nrf_uart_event_check                     0x000203c9   Thumb Code    10  nrf_drv_uart.o(i.nrf_uart_event_check)
    i.nrf_uart_int_enable_check              0x000203d2   Section        0  nrf_drv_uart.o(i.nrf_uart_int_enable_check)
    nrf_uart_int_enable_check                0x000203d3   Thumb Code    16  nrf_drv_uart.o(i.nrf_uart_int_enable_check)
    i.on_adv_evt                             0x000203e2   Section        0  main.o(i.on_adv_evt)
    on_adv_evt                               0x000203e3   Thumb Code    36  main.o(i.on_adv_evt)
    i.on_ble_evt                             0x00020408   Section        0  main.o(i.on_ble_evt)
    on_ble_evt                               0x00020409   Thumb Code   182  main.o(i.on_ble_evt)
    i.on_conn_params_evt                     0x00020534   Section        0  main.o(i.on_conn_params_evt)
    on_conn_params_evt                       0x00020535   Thumb Code    30  main.o(i.on_conn_params_evt)
    i.peer_address_exists                    0x00020558   Section        0  ble_advertising.o(i.peer_address_exists)
    peer_address_exists                      0x00020559   Thumb Code    22  ble_advertising.o(i.peer_address_exists)
    i.peer_instance_init                     0x00020570   Section        0  device_manager_peripheral.o(i.peer_instance_init)
    peer_instance_init                       0x00020571   Thumb Code    50  device_manager_peripheral.o(i.peer_instance_init)
    i.pin_in_use_by_port                     0x000205a8   Section        0  nrf_drv_gpiote.o(i.pin_in_use_by_port)
    pin_in_use_by_port                       0x000205a9   Thumb Code    20  nrf_drv_gpiote.o(i.pin_in_use_by_port)
    i.pin_in_use_by_te                       0x000205c0   Section        0  nrf_drv_gpiote.o(i.pin_in_use_by_te)
    pin_in_use_by_te                         0x000205c1   Thumb Code    20  nrf_drv_gpiote.o(i.pin_in_use_by_te)
    i.pnp_id_encode                          0x000205d8   Section        0  ble_dis.o(i.pnp_id_encode)
    pnp_id_encode                            0x000205d9   Thumb Code    62  ble_dis.o(i.pnp_id_encode)
    i.pstorage_access_status_get             0x00020618   Section        0  pstorage.o(i.pstorage_access_status_get)
    i.pstorage_block_identifier_get          0x00020640   Section        0  pstorage.o(i.pstorage_block_identifier_get)
    i.pstorage_clear                         0x00020694   Section        0  pstorage.o(i.pstorage_clear)
    i.pstorage_flash_page_end                0x00020738   Section        0  pstorage.o(i.pstorage_flash_page_end)
    pstorage_flash_page_end                  0x00020739   Thumb Code    32  pstorage.o(i.pstorage_flash_page_end)
    i.pstorage_flash_page_size               0x0002075c   Section        0  pstorage.o(i.pstorage_flash_page_size)
    pstorage_flash_page_size                 0x0002075d   Thumb Code    10  pstorage.o(i.pstorage_flash_page_size)
    i.pstorage_init                          0x00020768   Section        0  pstorage.o(i.pstorage_init)
    i.pstorage_load                          0x000207b4   Section        0  pstorage.o(i.pstorage_load)
    i.pstorage_register                      0x0002085c   Section        0  pstorage.o(i.pstorage_register)
    i.pstorage_store                         0x00020918   Section        0  pstorage.o(i.pstorage_store)
    i.pstorage_sys_event_handler             0x000209a8   Section        0  pstorage.o(i.pstorage_sys_event_handler)
    i.pstorage_update                        0x000209f4   Section        0  pstorage.o(i.pstorage_update)
    i.rr_interval_timeout_handler            0x00020a84   Section        0  main.o(i.rr_interval_timeout_handler)
    rr_interval_timeout_handler              0x00020a85   Thumb Code    32  main.o(i.rr_interval_timeout_handler)
    i.rtc1_stop                              0x00020aac   Section        0  app_timer.o(i.rtc1_stop)
    rtc1_stop                                0x00020aad   Thumb Code    50  app_timer.o(i.rtc1_stop)
    i.rx_byte                                0x00020af0   Section        0  nrf_drv_uart.o(i.rx_byte)
    rx_byte                                  0x00020af1   Thumb Code    30  nrf_drv_uart.o(i.rx_byte)
    i.rx_done_event                          0x00020b1c   Section        0  nrf_drv_uart.o(i.rx_done_event)
    rx_done_event                            0x00020b1d   Thumb Code    28  nrf_drv_uart.o(i.rx_done_event)
    i.rx_enable                              0x00020b3c   Section        0  nrf_drv_uart.o(i.rx_enable)
    rx_enable                                0x00020b3d   Thumb Code    22  nrf_drv_uart.o(i.rx_enable)
    i.sensor_contact_detected_timeout_handler 0x00020b58   Section        0  main.o(i.sensor_contact_detected_timeout_handler)
    sensor_contact_detected_timeout_handler  0x00020b59   Thumb Code    20  main.o(i.sensor_contact_detected_timeout_handler)
    i.sensor_simulator_init                  0x00020b74   Section        0  main.o(i.sensor_simulator_init)
    sensor_simulator_init                    0x00020b75   Thumb Code    84  main.o(i.sensor_simulator_init)
    i.sensorsim_decrement                    0x00020bd0   Section        0  sensorsim.o(i.sensorsim_decrement)
    i.sensorsim_increment                    0x00020bec   Section        0  sensorsim.o(i.sensorsim_increment)
    i.sensorsim_init                         0x00020c08   Section        0  sensorsim.o(i.sensorsim_init)
    i.sensorsim_measure                      0x00020c20   Section        0  sensorsim.o(i.sensorsim_measure)
    i.service_data_encode                    0x00020c3a   Section        0  ble_advdata.o(i.service_data_encode)
    service_data_encode                      0x00020c3b   Thumb Code   142  ble_advdata.o(i.service_data_encode)
    i.services_init                          0x00020cc8   Section        0  main.o(i.services_init)
    services_init                            0x00020cc9   Thumb Code   226  main.o(i.services_init)
    i.sleep_mode_enter                       0x00020dc4   Section        0  main.o(i.sleep_mode_enter)
    sleep_mode_enter                         0x00020dc5   Thumb Code    70  main.o(i.sleep_mode_enter)
    i.sm_state_change                        0x00020e0c   Section        0  pstorage.o(i.sm_state_change)
    sm_state_change                          0x00020e0d   Thumb Code    62  pstorage.o(i.sm_state_change)
    i.softdevice_assertion_handler           0x00020e54   Section        0  softdevice_handler.o(i.softdevice_assertion_handler)
    i.softdevice_ble_evt_handler_set         0x00020e60   Section        0  softdevice_handler.o(i.softdevice_ble_evt_handler_set)
    i.softdevice_handler_init                0x00020e74   Section        0  softdevice_handler.o(i.softdevice_handler_init)
    i.softdevice_sys_evt_handler_set         0x00020ea4   Section        0  softdevice_handler.o(i.softdevice_sys_evt_handler_set)
    i.state_data_erase_swap_entry_run        0x00020eb8   Section        0  pstorage.o(i.state_data_erase_swap_entry_run)
    state_data_erase_swap_entry_run          0x00020eb9   Thumb Code    92  pstorage.o(i.state_data_erase_swap_entry_run)
    i.state_erase_data_page_entry_run        0x00020f1c   Section        0  pstorage.o(i.state_erase_data_page_entry_run)
    state_erase_data_page_entry_run          0x00020f1d   Thumb Code    12  pstorage.o(i.state_erase_data_page_entry_run)
    i.state_restore_head_entry_run           0x00020f2c   Section        0  pstorage.o(i.state_restore_head_entry_run)
    state_restore_head_entry_run             0x00020f2d   Thumb Code    36  pstorage.o(i.state_restore_head_entry_run)
    i.state_restore_tail_entry_run           0x00020f54   Section        0  pstorage.o(i.state_restore_tail_entry_run)
    state_restore_tail_entry_run             0x00020f55   Thumb Code    66  pstorage.o(i.state_restore_tail_entry_run)
    i.state_swap_erase_entry_run             0x00020fa0   Section        0  pstorage.o(i.state_swap_erase_entry_run)
    state_swap_erase_entry_run               0x00020fa1   Thumb Code    32  pstorage.o(i.state_swap_erase_entry_run)
    i.state_write_data_swap_entry_run        0x00020fc0   Section        0  pstorage.o(i.state_write_data_swap_entry_run)
    state_write_data_swap_entry_run          0x00020fc1   Thumb Code    42  pstorage.o(i.state_write_data_swap_entry_run)
    i.storage_operation_dummy_handler        0x00020ff0   Section        0  device_manager_peripheral.o(i.storage_operation_dummy_handler)
    storage_operation_dummy_handler          0x00020ff1   Thumb Code     4  device_manager_peripheral.o(i.storage_operation_dummy_handler)
    i.store_cmd_flash_write_execute          0x00020ff4   Section        0  pstorage.o(i.store_cmd_flash_write_execute)
    store_cmd_flash_write_execute            0x00020ff5   Thumb Code    82  pstorage.o(i.store_cmd_flash_write_execute)
    i.swap_erase_state_run                   0x00021050   Section        0  pstorage.o(i.swap_erase_state_run)
    swap_erase_state_run                     0x00021051   Thumb Code    24  pstorage.o(i.swap_erase_state_run)
    i.swap_sub_state_err_busy_process        0x0002106c   Section        0  pstorage.o(i.swap_sub_state_err_busy_process)
    swap_sub_state_err_busy_process          0x0002106d   Thumb Code    20  pstorage.o(i.swap_sub_state_err_busy_process)
    i.swap_sub_state_state_change            0x00021084   Section        0  pstorage.o(i.swap_sub_state_state_change)
    swap_sub_state_state_change              0x00021085   Thumb Code    12  pstorage.o(i.swap_sub_state_state_change)
    i.sys_evt_dispatch                       0x00021098   Section        0  main.o(i.sys_evt_dispatch)
    sys_evt_dispatch                         0x00021099   Thumb Code    22  main.o(i.sys_evt_dispatch)
    i.sys_id_encode                          0x000210ae   Section        0  ble_dis.o(i.sys_id_encode)
    sys_id_encode                            0x000210af   Thumb Code    86  ble_dis.o(i.sys_id_encode)
    i.tail_restore_state_run                 0x00021104   Section        0  pstorage.o(i.tail_restore_state_run)
    tail_restore_state_run                   0x00021105   Thumb Code    22  pstorage.o(i.tail_restore_state_run)
    i.timer_list_handler                     0x00021120   Section        0  app_timer.o(i.timer_list_handler)
    timer_list_handler                       0x00021121   Thumb Code   128  app_timer.o(i.timer_list_handler)
    i.timer_list_handler_sched               0x000211a4   Section        0  app_timer.o(i.timer_list_handler_sched)
    timer_list_handler_sched                 0x000211a5   Thumb Code    10  app_timer.o(i.timer_list_handler_sched)
    i.timer_list_insert                      0x000211b4   Section        0  app_timer.o(i.timer_list_insert)
    timer_list_insert                        0x000211b5   Thumb Code    60  app_timer.o(i.timer_list_insert)
    i.timer_timeouts_check                   0x000211f4   Section        0  app_timer.o(i.timer_timeouts_check)
    timer_timeouts_check                     0x000211f5   Thumb Code   122  app_timer.o(i.timer_timeouts_check)
    i.timers_init                            0x00021278   Section        0  main.o(i.timers_init)
    timers_init                              0x00021279   Thumb Code   122  main.o(i.timers_init)
    i.tx_byte                                0x0002130c   Section        0  nrf_drv_uart.o(i.tx_byte)
    tx_byte                                  0x0002130d   Thumb Code    30  nrf_drv_uart.o(i.tx_byte)
    i.tx_done_event                          0x00021338   Section        0  nrf_drv_uart.o(i.tx_done_event)
    tx_done_event                            0x00021339   Thumb Code    26  nrf_drv_uart.o(i.tx_done_event)
    i.uart_event_handle                      0x00021358   Section        0  main.o(i.uart_event_handle)
    i.uart_event_handler                     0x000213c0   Section        0  app_uart_fifo.o(i.uart_event_handler)
    uart_event_handler                       0x000213c1   Thumb Code   156  app_uart_fifo.o(i.uart_event_handler)
    i.uint16_decode                          0x00021464   Section        0  scanner_beacon.o(i.uint16_decode)
    uint16_decode                            0x00021465   Thumb Code    10  scanner_beacon.o(i.uint16_decode)
    i.uint16_encode                          0x0002146e   Section        0  ble_advdata.o(i.uint16_encode)
    uint16_encode                            0x0002146f   Thumb Code    10  ble_advdata.o(i.uint16_encode)
    i.update_status_bit_reset                0x00021478   Section        0  device_manager_peripheral.o(i.update_status_bit_reset)
    update_status_bit_reset                  0x00021479   Thumb Code    14  device_manager_peripheral.o(i.update_status_bit_reset)
    i.update_timeout_handler                 0x0002148c   Section        0  ble_conn_params.o(i.update_timeout_handler)
    update_timeout_handler                   0x0002148d   Thumb Code    86  ble_conn_params.o(i.update_timeout_handler)
    i.user_id_get                            0x000214f0   Section        0  app_timer.o(i.user_id_get)
    user_id_get                              0x000214f1   Thumb Code    74  app_timer.o(i.user_id_get)
    i.user_op_alloc                          0x00021544   Section        0  app_timer.o(i.user_op_alloc)
    user_op_alloc                            0x00021545   Thumb Code    38  app_timer.o(i.user_op_alloc)
    i.uuid_list_encode                       0x0002156a   Section        0  ble_advdata.o(i.uuid_list_encode)
    uuid_list_encode                         0x0002156b   Thumb Code    48  ble_advdata.o(i.uuid_list_encode)
    i.uuid_list_sized_encode                 0x0002159a   Section        0  ble_advdata.o(i.uuid_list_sized_encode)
    uuid_list_sized_encode                   0x0002159b   Thumb Code   174  ble_advdata.o(i.uuid_list_sized_encode)
    i.whitelist_has_entries                  0x00021648   Section        0  ble_advertising.o(i.whitelist_has_entries)
    whitelist_has_entries                    0x00021649   Thumb Code    16  ble_advertising.o(i.whitelist_has_entries)
    .constdata                               0x00021658   Section       28  main.o(.constdata)
    m_battery_timer_id                       0x00021658   Data           4  main.o(.constdata)
    m_heart_rate_timer_id                    0x0002165c   Data           4  main.o(.constdata)
    m_rr_interval_timer_id                   0x00021660   Data           4  main.o(.constdata)
    m_sensor_contact_timer_id                0x00021664   Data           4  main.o(.constdata)
    .constdata                               0x00021674   Section       60  bsp.o(.constdata)
    m_leds_timer_id                          0x00021674   Data           4  bsp.o(.constdata)
    m_alert_timer_id                         0x00021678   Data           4  bsp.o(.constdata)
    m_button_timer_id                        0x0002167c   Data           4  bsp.o(.constdata)
    m_buttons_list                           0x00021680   Data          16  bsp.o(.constdata)
    app_buttons                              0x00021690   Data          32  bsp.o(.constdata)
    .constdata                               0x000216b0   Section        4  ble_conn_params.o(.constdata)
    m_conn_params_timer_id                   0x000216b0   Data           4  ble_conn_params.o(.constdata)
    .constdata                               0x000216b4   Section       48  device_manager_peripheral.o(.constdata)
    .constdata                               0x000216e4   Section       32  app_uart_fifo.o(.constdata)
    .constdata                               0x00021704   Section       32  nrf_drv_uart.o(.constdata)
    m_default_config                         0x00021704   Data          32  nrf_drv_uart.o(.constdata)
    .constdata                               0x00021724   Section       40  pstorage.o(.constdata)
    swap_sub_state_sm_lut                    0x00021724   Data          20  pstorage.o(.constdata)
    swap_sub_state_sm_lut                    0x00021738   Data          20  pstorage.o(.constdata)
    .constdata                               0x0002174c   Section        8  app_button.o(.constdata)
    m_detection_delay_timer_id               0x0002174c   Data           4  app_button.o(.constdata)
    .data                                    0x20002800   Section       56  main.o(.data)
    m_rr_interval_enabled                    0x20002800   Data           1  main.o(.data)
    sensor_contact_detected                  0x20002801   Data           1  main.o(.data)
    index                                    0x20002802   Data           1  main.o(.data)
    m_app_handle                             0x20002803   Data           1  main.o(.data)
    m_conn_handle                            0x20002804   Data           2  main.o(.data)
    cnt                                      0x20002808   Data           4  main.o(.data)
    m_beacon_scanner_init                    0x2000280c   Data           8  main.o(.data)
    m_battery_sim_state                      0x20002814   Data           8  main.o(.data)
    m_heart_rate_sim_state                   0x2000281c   Data           8  main.o(.data)
    m_rr_interval_sim_state                  0x20002824   Data           8  main.o(.data)
    m_adv_uuids                              0x2000282c   Data          12  main.o(.data)
    .data                                    0x20002838   Section       24  bsp.o(.data)
    m_stable_state                           0x20002838   Data           1  bsp.o(.data)
    current_long_push_pin_no                 0x20002839   Data           1  bsp.o(.data)
    m_app_ticks_per_100ms                    0x2000283c   Data           4  bsp.o(.data)
    m_indication_type                        0x20002840   Data           4  bsp.o(.data)
    m_alert_mask                             0x20002844   Data           4  bsp.o(.data)
    m_registered_callback                    0x20002848   Data           4  bsp.o(.data)
    release_event_at_push                    0x2000284c   Data           4  bsp.o(.data)
    .data                                    0x20002850   Section        8  bsp_btn_ble.o(.data)
    m_error_handler                          0x20002850   Data           4  bsp_btn_ble.o(.data)
    m_num_connections                        0x20002854   Data           4  bsp_btn_ble.o(.data)
    .data                                    0x20002858   Section       31  ble_advertising.o(.data)
    m_advertising_start_pending              0x20002858   Data           1  ble_advertising.o(.data)
    m_whitelist_temporarily_disabled         0x20002859   Data           1  ble_advertising.o(.data)
    m_whitelist_reply_expected               0x2000285a   Data           1  ble_advertising.o(.data)
    m_peer_addr_reply_expected               0x2000285b   Data           1  ble_advertising.o(.data)
    m_adv_evt                                0x2000285c   Data           1  ble_advertising.o(.data)
    m_adv_mode_current                       0x2000285d   Data           1  ble_advertising.o(.data)
    m_tx_power_level                         0x2000285e   Data           1  ble_advertising.o(.data)
    current_slave_link_conn_handle           0x20002860   Data           2  ble_advertising.o(.data)
    m_evt_handler                            0x20002864   Data           4  ble_advertising.o(.data)
    m_error_handler                          0x20002868   Data           4  ble_advertising.o(.data)
    m_slave_conn_int                         0x2000286c   Data           4  ble_advertising.o(.data)
    m_peer_address                           0x20002870   Data           7  ble_advertising.o(.data)
    .data                                    0x20002878   Section       20  ble_conn_params.o(.data)
    m_change_param                           0x20002878   Data           1  ble_conn_params.o(.data)
    m_update_count                           0x20002879   Data           1  ble_conn_params.o(.data)
    m_conn_handle                            0x2000287a   Data           2  ble_conn_params.o(.data)
    m_preferred_conn_params                  0x2000287c   Data           8  ble_conn_params.o(.data)
    m_current_conn_params                    0x20002884   Data           8  ble_conn_params.o(.data)
    .data                                    0x2000288c   Section       74  ble_dis.o(.data)
    service_handle                           0x2000288c   Data           2  ble_dis.o(.data)
    manufact_name_handles                    0x2000288e   Data           8  ble_dis.o(.data)
    model_num_handles                        0x20002896   Data           8  ble_dis.o(.data)
    serial_num_handles                       0x2000289e   Data           8  ble_dis.o(.data)
    hw_rev_handles                           0x200028a6   Data           8  ble_dis.o(.data)
    fw_rev_handles                           0x200028ae   Data           8  ble_dis.o(.data)
    sw_rev_handles                           0x200028b6   Data           8  ble_dis.o(.data)
    sys_id_handles                           0x200028be   Data           8  ble_dis.o(.data)
    reg_cert_data_list_handles               0x200028c6   Data           8  ble_dis.o(.data)
    pnp_id_handles                           0x200028ce   Data           8  ble_dis.o(.data)
    .data                                    0x200028d8   Section       24  device_manager_peripheral.o(.data)
    m_module_initialized                     0x200028d8   Data           1  device_manager_peripheral.o(.data)
    m_peer_addr_update                       0x200028dc   Data           4  device_manager_peripheral.o(.data)
    m_irk_index_table                        0x200028e0   Data           7  device_manager_peripheral.o(.data)
    m_storage_handle                         0x200028e8   Data           8  device_manager_peripheral.o(.data)
    .data                                    0x200028f0   Section        8  app_uart_fifo.o(.data)
    tx_buffer                                0x200028f0   Data           1  app_uart_fifo.o(.data)
    tx_tmp                                   0x200028f1   Data           1  app_uart_fifo.o(.data)
    rx_buffer                                0x200028f2   Data           1  app_uart_fifo.o(.data)
    m_event_handler                          0x200028f4   Data           4  app_uart_fifo.o(.data)
    .data                                    0x200028f8   Section       36  pstorage.o(.data)
    m_state                                  0x200028f8   Data           1  pstorage.o(.data)
    m_swap_sub_state                         0x200028f9   Data           1  pstorage.o(.data)
    m_next_app_instance                      0x200028fa   Data           2  pstorage.o(.data)
    m_flags                                  0x200028fc   Data           4  pstorage.o(.data)
    m_next_page_addr                         0x20002900   Data           4  pstorage.o(.data)
    m_head_word_size                         0x20002904   Data           4  pstorage.o(.data)
    m_tail_word_size                         0x20002908   Data           4  pstorage.o(.data)
    m_current_page_id                        0x2000290c   Data           4  pstorage.o(.data)
    m_num_of_command_retries                 0x20002910   Data           4  pstorage.o(.data)
    m_num_of_bytes_written                   0x20002914   Data           4  pstorage.o(.data)
    m_app_data_size                          0x20002918   Data           4  pstorage.o(.data)
    .data                                    0x2000291c   Section       20  app_button.o(.data)
    m_button_count                           0x2000291c   Data           1  app_button.o(.data)
    mp_buttons                               0x20002920   Data           4  app_button.o(.data)
    m_detection_delay                        0x20002924   Data           4  app_button.o(.data)
    m_pin_state                              0x20002928   Data           4  app_button.o(.data)
    m_pin_transition                         0x2000292c   Data           4  app_button.o(.data)
    .data                                    0x20002930   Section       32  app_timer.o(.data)
    m_user_array_size                        0x20002930   Data           1  app_timer.o(.data)
    m_ticks_elapsed_q_read_ind               0x20002931   Data           1  app_timer.o(.data)
    m_ticks_elapsed_q_write_ind              0x20002932   Data           1  app_timer.o(.data)
    m_rtc1_running                           0x20002933   Data           1  app_timer.o(.data)
    m_rtc1_reset                             0x20002934   Data           1  app_timer.o(.data)
    mp_users                                 0x20002938   Data           4  app_timer.o(.data)
    mp_timer_id_head                         0x2000293c   Data           4  app_timer.o(.data)
    m_ticks_latest                           0x20002940   Data           4  app_timer.o(.data)
    m_evt_schedule_func                      0x20002944   Data           4  app_timer.o(.data)
    m_ticks_elapsed                          0x20002948   Data           8  app_timer.o(.data)
    .data                                    0x20002950   Section        4  retarget.o(.data)
    .data                                    0x20002954   Section       20  softdevice_handler.o(.data)
    m_softdevice_enabled                     0x20002954   Data           1  softdevice_handler.o(.data)
    m_ble_evt_buffer_size                    0x20002956   Data           2  softdevice_handler.o(.data)
    m_evt_schedule_func                      0x20002958   Data           4  softdevice_handler.o(.data)
    mp_ble_evt_buffer                        0x2000295c   Data           4  softdevice_handler.o(.data)
    m_ble_evt_handler                        0x20002960   Data           4  softdevice_handler.o(.data)
    m_sys_evt_handler                        0x20002964   Data           4  softdevice_handler.o(.data)
    .data                                    0x20002968   Section        4  system_nrf51.o(.data)
    __tagsym$$used                           0x20002968   Number         0  system_nrf51.o(.data)
    .bss                                     0x2000296c   Section       32  main.o(.bss)
    m_battery_timer_id_data                  0x2000296c   Data          32  main.o(.bss)
    .bss                                     0x2000298c   Section       32  main.o(.bss)
    m_heart_rate_timer_id_data               0x2000298c   Data          32  main.o(.bss)
    .bss                                     0x200029ac   Section       32  main.o(.bss)
    m_rr_interval_timer_id_data              0x200029ac   Data          32  main.o(.bss)
    .bss                                     0x200029cc   Section       32  main.o(.bss)
    m_sensor_contact_timer_id_data           0x200029cc   Data          32  main.o(.bss)
    .bss                                     0x200029ec   Section     1240  main.o(.bss)
    APP_TIMER_BUF                            0x200029ec   Data         456  main.o(.bss)
    BLE_EVT_BUFFER                           0x20002bb4   Data          72  main.o(.bss)
    data_array                               0x20002bfc   Data          20  main.o(.bss)
    rx_buf                                   0x20002c10   Data         256  main.o(.bss)
    tx_buf                                   0x20002d10   Data         256  main.o(.bss)
    m_nus                                    0x20002e10   Data          28  main.o(.bss)
    m_bas                                    0x20002e2c   Data          24  main.o(.bss)
    m_hrs                                    0x20002e44   Data          80  main.o(.bss)
    m_battery_sim_cfg                        0x20002e94   Data          16  main.o(.bss)
    m_heart_rate_sim_cfg                     0x20002ea4   Data          16  main.o(.bss)
    m_rr_interval_sim_cfg                    0x20002eb4   Data          16  main.o(.bss)
    .bss                                     0x20002ec4   Section       24  scanner_beacon.o(.bss)
    m_beacon_scanner                         0x20002ec4   Data          24  scanner_beacon.o(.bss)
    .bss                                     0x20002edc   Section       32  bsp.o(.bss)
    m_leds_timer_id_data                     0x20002edc   Data          32  bsp.o(.bss)
    .bss                                     0x20002efc   Section       32  bsp.o(.bss)
    m_alert_timer_id_data                    0x20002efc   Data          32  bsp.o(.bss)
    .bss                                     0x20002f1c   Section       12  bsp.o(.bss)
    m_events_list                            0x20002f1c   Data          12  bsp.o(.bss)
    .bss                                     0x20002f28   Section       32  bsp.o(.bss)
    m_button_timer_id_data                   0x20002f28   Data          32  bsp.o(.bss)
    .bss                                     0x20002f48   Section      259  ble_advertising.o(.bss)
    m_advdata                                0x20002f48   Data          56  ble_advertising.o(.bss)
    m_adv_modes_config                       0x20002f80   Data          36  ble_advertising.o(.bss)
    m_whitelist                              0x20002fa4   Data          16  ble_advertising.o(.bss)
    mp_whitelist_addr                        0x20002fb4   Data          32  ble_advertising.o(.bss)
    mp_whitelist_irk                         0x20002fd4   Data          32  ble_advertising.o(.bss)
    m_manuf_specific_data                    0x20002ff4   Data          12  ble_advertising.o(.bss)
    m_manuf_data_array                       0x20003000   Data          31  ble_advertising.o(.bss)
    m_service_data                           0x20003020   Data          12  ble_advertising.o(.bss)
    m_service_data_array                     0x2000302c   Data          31  ble_advertising.o(.bss)
    .bss                                     0x2000304c   Section       32  ble_conn_params.o(.bss)
    m_conn_params_timer_id_data              0x2000304c   Data          32  ble_conn_params.o(.bss)
    .bss                                     0x2000306c   Section       28  ble_conn_params.o(.bss)
    m_conn_params_config                     0x2000306c   Data          28  ble_conn_params.o(.bss)
    .bss                                     0x20003088   Section      295  device_manager_peripheral.o(.bss)
    m_peer_table                             0x20003088   Data         196  device_manager_peripheral.o(.bss)
    m_bond_table                             0x2000314c   Data          28  device_manager_peripheral.o(.bss)
    m_gatts_table                            0x20003168   Data          24  device_manager_peripheral.o(.bss)
    m_connection_table                       0x20003180   Data          12  device_manager_peripheral.o(.bss)
    m_application_table                      0x2000318c   Data          12  device_manager_peripheral.o(.bss)
    m_local_id_info                          0x20003198   Data          23  device_manager_peripheral.o(.bss)
    .bss                                     0x200031b0   Section       32  app_uart_fifo.o(.bss)
    m_rx_fifo                                0x200031b0   Data          16  app_uart_fifo.o(.bss)
    m_tx_fifo                                0x200031c0   Data          16  app_uart_fifo.o(.bss)
    .bss                                     0x200031d0   Section       72  nrf_drv_gpiote.o(.bss)
    m_cb                                     0x200031d0   Data          72  nrf_drv_gpiote.o(.bss)
    .bss                                     0x20003218   Section       24  nrf_drv_uart.o(.bss)
    m_cb                                     0x20003218   Data          24  nrf_drv_uart.o(.bss)
    .bss                                     0x20003230   Section      216  pstorage.o(.bss)
    m_cmd_queue                              0x20003230   Data         204  pstorage.o(.bss)
    m_app_table                              0x200032fc   Data          12  pstorage.o(.bss)
    .bss                                     0x20003308   Section       32  app_button.o(.bss)
    m_detection_delay_timer_id_data          0x20003308   Data          32  app_button.o(.bss)
    STACK                                    0x20003328   Section     2048  arm_startup_nrf51.o(STACK)

    Global Symbols

    Symbol Name                              Value     Ov Type        Size  Object(Section)

    BuildAttributes$$THM_ISAv3M$S$PE$A:L22$X:L11$S22$IEEE1$IW$USESV6$~STKCKD$USESV7$~SHL$OSPACE$ROPI$EBA8$MICROLIB$REQ8$PRES8$EABIv2 0x00000000   Number         0  anon$$obj.o ABSOLUTE
    __ARM_use_no_argv                        0x00000000   Number         0  main.o ABSOLUTE
    _printf_a                                0x00000000   Number         0  stubs.o ABSOLUTE
    _printf_c                                0x00000000   Number         0  stubs.o ABSOLUTE
    _printf_charcount                        0x00000000   Number         0  stubs.o ABSOLUTE
    _printf_d                                0x00000000   Number         0  stubs.o ABSOLUTE
    _printf_e                                0x00000000   Number         0  stubs.o ABSOLUTE
    _printf_f                                0x00000000   Number         0  stubs.o ABSOLUTE
    _printf_flags                            0x00000000   Number         0  stubs.o ABSOLUTE
    _printf_fp_dec                           0x00000000   Number         0  stubs.o ABSOLUTE
    _printf_fp_hex                           0x00000000   Number         0  stubs.o ABSOLUTE
    _printf_g                                0x00000000   Number         0  stubs.o ABSOLUTE
    _printf_i                                0x00000000   Number         0  stubs.o ABSOLUTE
    _printf_int_dec                          0x00000000   Number         0  stubs.o ABSOLUTE
    _printf_l                                0x00000000   Number         0  stubs.o ABSOLUTE
    _printf_lc                               0x00000000   Number         0  stubs.o ABSOLUTE
    _printf_ll                               0x00000000   Number         0  stubs.o ABSOLUTE
    _printf_lld                              0x00000000   Number         0  stubs.o ABSOLUTE
    _printf_lli                              0x00000000   Number         0  stubs.o ABSOLUTE
    _printf_llo                              0x00000000   Number         0  stubs.o ABSOLUTE
    _printf_llu                              0x00000000   Number         0  stubs.o ABSOLUTE
    _printf_llx                              0x00000000   Number         0  stubs.o ABSOLUTE
    _printf_longlong_dec                     0x00000000   Number         0  stubs.o ABSOLUTE
    _printf_longlong_hex                     0x00000000   Number         0  stubs.o ABSOLUTE
    _printf_longlong_oct                     0x00000000   Number         0  stubs.o ABSOLUTE
    _printf_ls                               0x00000000   Number         0  stubs.o ABSOLUTE
    _printf_mbtowc                           0x00000000   Number         0  stubs.o ABSOLUTE
    _printf_n                                0x00000000   Number         0  stubs.o ABSOLUTE
    _printf_o                                0x00000000   Number         0  stubs.o ABSOLUTE
    _printf_p                                0x00000000   Number         0  stubs.o ABSOLUTE
    _printf_percent                          0x00000000   Number         0  stubs.o ABSOLUTE
    _printf_pre_padding                      0x00000000   Number         0  stubs.o ABSOLUTE
    _printf_return_value                     0x00000000   Number         0  stubs.o ABSOLUTE
    _printf_s                                0x00000000   Number         0  stubs.o ABSOLUTE
    _printf_sizespec                         0x00000000   Number         0  stubs.o ABSOLUTE
    _printf_str                              0x00000000   Number         0  stubs.o ABSOLUTE
    _printf_truncate_signed                  0x00000000   Number         0  stubs.o ABSOLUTE
    _printf_truncate_unsigned                0x00000000   Number         0  stubs.o ABSOLUTE
    _printf_u                                0x00000000   Number         0  stubs.o ABSOLUTE
    _printf_wc                               0x00000000   Number         0  stubs.o ABSOLUTE
    _printf_wctomb                           0x00000000   Number         0  stubs.o ABSOLUTE
    _printf_widthprec                        0x00000000   Number         0  stubs.o ABSOLUTE
    _printf_x                                0x00000000   Number         0  stubs.o ABSOLUTE
    __cpp_initialize__aeabi_                  - Undefined Weak Reference
    __cxa_finalize                            - Undefined Weak Reference
    _clock_init                               - Undefined Weak Reference
    _microlib_exit                            - Undefined Weak Reference
    __Vectors_Size                           0x000000c0   Number         0  arm_startup_nrf51.o ABSOLUTE
    __Vectors                                0x0001c000   Data           4  arm_startup_nrf51.o(RESET)
    __Vectors_End                            0x0001c0c0   Data           0  arm_startup_nrf51.o(RESET)
    __main                                   0x0001c0c1   Thumb Code     0  entry.o(.ARM.Collect$$$$00000000)
    _main_stk                                0x0001c0c1   Thumb Code     0  entry2.o(.ARM.Collect$$$$00000001)
    _main_scatterload                        0x0001c0c5   Thumb Code     0  entry5.o(.ARM.Collect$$$$00000004)
    __main_after_scatterload                 0x0001c0c9   Thumb Code     0  entry5.o(.ARM.Collect$$$$00000004)
    _main_clock                              0x0001c0c9   Thumb Code     0  entry7b.o(.ARM.Collect$$$$00000008)
    _main_cpp_init                           0x0001c0c9   Thumb Code     0  entry8b.o(.ARM.Collect$$$$0000000A)
    _main_init                               0x0001c0c9   Thumb Code     0  entry9a.o(.ARM.Collect$$$$0000000B)
    __rt_final_cpp                           0x0001c0d1   Thumb Code     0  entry10a.o(.ARM.Collect$$$$0000000D)
    __rt_final_exit                          0x0001c0d1   Thumb Code     0  entry11a.o(.ARM.Collect$$$$0000000F)
    __asm___11_app_timer_c_cd27f9c3__nrf_delay_us 0x0001c0d5   Thumb Code    30  app_timer.o(.emb_text)
    Reset_Handler                            0x0001c0f5   Thumb Code    26  arm_startup_nrf51.o(.text)
    NMI_Handler                              0x0001c10f   Thumb Code     2  arm_startup_nrf51.o(.text)
    HardFault_Handler                        0x0001c111   Thumb Code     2  arm_startup_nrf51.o(.text)
    SVC_Handler                              0x0001c113   Thumb Code     2  arm_startup_nrf51.o(.text)
    PendSV_Handler                           0x0001c115   Thumb Code     2  arm_startup_nrf51.o(.text)
    SysTick_Handler                          0x0001c117   Thumb Code     2  arm_startup_nrf51.o(.text)
    ADC_IRQHandler                           0x0001c119   Thumb Code     0  arm_startup_nrf51.o(.text)
    CCM_AAR_IRQHandler                       0x0001c119   Thumb Code     0  arm_startup_nrf51.o(.text)
    ECB_IRQHandler                           0x0001c119   Thumb Code     0  arm_startup_nrf51.o(.text)
    LPCOMP_IRQHandler                        0x0001c119   Thumb Code     0  arm_startup_nrf51.o(.text)
    POWER_CLOCK_IRQHandler                   0x0001c119   Thumb Code     0  arm_startup_nrf51.o(.text)
    QDEC_IRQHandler                          0x0001c119   Thumb Code     0  arm_startup_nrf51.o(.text)
    RADIO_IRQHandler                         0x0001c119   Thumb Code     0  arm_startup_nrf51.o(.text)
    RNG_IRQHandler                           0x0001c119   Thumb Code     0  arm_startup_nrf51.o(.text)
    RTC0_IRQHandler                          0x0001c119   Thumb Code     0  arm_startup_nrf51.o(.text)
    SPI0_TWI0_IRQHandler                     0x0001c119   Thumb Code     0  arm_startup_nrf51.o(.text)
    SPI1_TWI1_IRQHandler                     0x0001c119   Thumb Code     0  arm_startup_nrf51.o(.text)
    SWI1_IRQHandler                          0x0001c119   Thumb Code     0  arm_startup_nrf51.o(.text)
    SWI3_IRQHandler                          0x0001c119   Thumb Code     0  arm_startup_nrf51.o(.text)
    SWI4_IRQHandler                          0x0001c119   Thumb Code     0  arm_startup_nrf51.o(.text)
    SWI5_IRQHandler                          0x0001c119   Thumb Code     0  arm_startup_nrf51.o(.text)
    TEMP_IRQHandler                          0x0001c119   Thumb Code     0  arm_startup_nrf51.o(.text)
    TIMER0_IRQHandler                        0x0001c119   Thumb Code     0  arm_startup_nrf51.o(.text)
    TIMER1_IRQHandler                        0x0001c119   Thumb Code     0  arm_startup_nrf51.o(.text)
    TIMER2_IRQHandler                        0x0001c119   Thumb Code     0  arm_startup_nrf51.o(.text)
    WDT_IRQHandler                           0x0001c119   Thumb Code     0  arm_startup_nrf51.o(.text)
    __aeabi_uidiv                            0x0001c12d   Thumb Code     0  uidiv.o(.text)
    __aeabi_uidivmod                         0x0001c12d   Thumb Code    44  uidiv.o(.text)
    __aeabi_idiv                             0x0001c159   Thumb Code     0  idiv.o(.text)
    __aeabi_idivmod                          0x0001c159   Thumb Code    40  idiv.o(.text)
    ___aeabi_memcpy8$move                    0x0001c181   Thumb Code     0  memmovea.o(.text)
    __aeabi_memcpy                           0x0001c181   Thumb Code    64  memmovea.o(.text)
    __aeabi_memcpy4                          0x0001c181   Thumb Code     0  memmovea.o(.text)
    __aeabi_memmove                          0x0001c181   Thumb Code     0  memmovea.o(.text)
    __aeabi_memmove4                         0x0001c181   Thumb Code     0  memmovea.o(.text)
    __aeabi_memmove8                         0x0001c181   Thumb Code     0  memmovea.o(.text)
    __aeabi_memset                           0x0001c1c1   Thumb Code    14  memseta.o(.text)
    __aeabi_memset4                          0x0001c1c1   Thumb Code     0  memseta.o(.text)
    __aeabi_memset8                          0x0001c1c1   Thumb Code     0  memseta.o(.text)
    __aeabi_memclr                           0x0001c1cf   Thumb Code     4  memseta.o(.text)
    __aeabi_memclr4                          0x0001c1cf   Thumb Code     0  memseta.o(.text)
    __aeabi_memclr8                          0x0001c1cf   Thumb Code     0  memseta.o(.text)
    _memset$wrapper                          0x0001c1d3   Thumb Code    18  memseta.o(.text)
    strlen                                   0x0001c1e5   Thumb Code    14  strlen.o(.text)
    memcmp                                   0x0001c1f3   Thumb Code    26  memcmp.o(.text)
    __aeabi_uldivmod                         0x0001c20d   Thumb Code    96  uldiv.o(.text)
    __scatterload                            0x0001c26d   Thumb Code    28  init.o(.text)
    __scatterload_rt2                        0x0001c26d   Thumb Code     0  init.o(.text)
    __aeabi_llsl                             0x0001c291   Thumb Code    32  llshl.o(.text)
    _ll_shift_l                              0x0001c291   Thumb Code     0  llshl.o(.text)
    __aeabi_llsr                             0x0001c2b1   Thumb Code    34  llushr.o(.text)
    _ll_ushift_r                             0x0001c2b1   Thumb Code     0  llushr.o(.text)
    __decompress                             0x0001c2d3   Thumb Code     0  __dczerorl.o(.text)
    __decompress0                            0x0001c2d3   Thumb Code    58  __dczerorl.o(.text)
    GPIOTE_IRQHandler                        0x0001c30d   Thumb Code   234  nrf_drv_gpiote.o(i.GPIOTE_IRQHandler)
    RTC1_IRQHandler                          0x0001c459   Thumb Code    28  app_timer.o(i.RTC1_IRQHandler)
    SWI0_IRQHandler                          0x0001c479   Thumb Code     8  app_timer.o(i.SWI0_IRQHandler)
    SWI2_IRQHandler                          0x0001c481   Thumb Code    32  softdevice_handler.o(i.SWI2_IRQHandler)
    SystemInit                               0x0001c4a5   Thumb Code    64  system_nrf51.o(i.SystemInit)
    UART0_IRQHandler                         0x0001c4f9   Thumb Code   244  nrf_drv_uart.o(i.UART0_IRQHandler)
    __0printf$8                              0x0001c5fd   Thumb Code    24  printf8.o(i.__0printf$8)
    __1printf$8                              0x0001c5fd   Thumb Code     0  printf8.o(i.__0printf$8)
    __2printf                                0x0001c5fd   Thumb Code     0  printf8.o(i.__0printf$8)
    __ARM_common_switch8                     0x0001c61d   Thumb Code    26  bsp.o(i.__ARM_common_switch8)
    __scatterload_copy                       0x0001c637   Thumb Code    14  handlers.o(i.__scatterload_copy)
    __scatterload_null                       0x0001c645   Thumb Code     2  handlers.o(i.__scatterload_null)
    __scatterload_zeroinit                   0x0001c647   Thumb Code    14  handlers.o(i.__scatterload_zeroinit)
    adv_data_encode                          0x0001cac9   Thumb Code   534  ble_advdata.o(i.adv_data_encode)
    app_beacon_scanner_init                  0x0001cd35   Thumb Code    44  scanner_beacon.o(i.app_beacon_scanner_init)
    app_beacon_scanner_on_ble_evt            0x0001cd65   Thumb Code   102  scanner_beacon.o(i.app_beacon_scanner_on_ble_evt)
    app_beacon_scanner_on_sys_evt            0x0001cdd1   Thumb Code     2  scanner_beacon.o(i.app_beacon_scanner_on_sys_evt)
    app_beacon_scanner_start                 0x0001cdd5   Thumb Code    22  scanner_beacon.o(i.app_beacon_scanner_start)
    app_button_enable                        0x0001cdf1   Thumb Code    32  app_button.o(i.app_button_enable)
    app_button_init                          0x0001ce15   Thumb Code   100  app_button.o(i.app_button_init)
    app_error_handler                        0x0001ce89   Thumb Code    18  app_error.o(i.app_error_handler)
    app_fifo_get                             0x0001ceb1   Thumb Code    22  app_fifo.o(i.app_fifo_get)
    app_fifo_init                            0x0001cec7   Thumb Code    36  app_fifo.o(i.app_fifo_init)
    app_fifo_put                             0x0001ceeb   Thumb Code    26  app_fifo.o(i.app_fifo_put)
    app_timer_create                         0x0001cf51   Thumb Code    40  app_timer.o(i.app_timer_create)
    app_timer_init                           0x0001cf7d   Thumb Code   126  app_timer.o(i.app_timer_init)
    app_timer_start                          0x0001d00d   Thumb Code   114  app_timer.o(i.app_timer_start)
    app_timer_stop                           0x0001d089   Thumb Code    78  app_timer.o(i.app_timer_stop)
    app_uart_get                             0x0001d0dd   Thumb Code    44  app_uart_fifo.o(i.app_uart_get)
    app_uart_init                            0x0001d111   Thumb Code   144  app_uart_fifo.o(i.app_uart_init)
    app_uart_put                             0x0001d1b1   Thumb Code    30  app_uart_fifo.o(i.app_uart_put)
    ble_advdata_set                          0x0001d47d   Thumb Code   104  ble_advdata.o(i.ble_advdata_set)
    ble_advertising_init                     0x0001d4e5   Thumb Code   284  ble_advertising.o(i.ble_advertising_init)
    ble_advertising_on_ble_evt               0x0001d609   Thumb Code   118  ble_advertising.o(i.ble_advertising_on_ble_evt)
    ble_advertising_on_sys_evt               0x0001d685   Thumb Code    42  ble_advertising.o(i.ble_advertising_on_sys_evt)
    ble_advertising_start                    0x0001d6c5   Thumb Code   470  ble_advertising.o(i.ble_advertising_start)
    ble_bas_battery_level_update             0x0001d8a5   Thumb Code   112  ble_bas.o(i.ble_bas_battery_level_update)
    ble_bas_init                             0x0001d919   Thumb Code    66  ble_bas.o(i.ble_bas_init)
    ble_bas_on_ble_evt                       0x0001d961   Thumb Code    94  ble_bas.o(i.ble_bas_on_ble_evt)
    ble_conn_params_init                     0x0001d9c1   Thumb Code    68  ble_conn_params.o(i.ble_conn_params_init)
    ble_conn_params_on_ble_evt               0x0001da15   Thumb Code   132  ble_conn_params.o(i.ble_conn_params_on_ble_evt)
    ble_dis_init                             0x0001db05   Thumb Code   308  ble_dis.o(i.ble_dis_init)
    ble_hrs_heart_rate_measurement_send      0x0001dc85   Thumb Code    82  ble_hrs.o(i.ble_hrs_heart_rate_measurement_send)
    ble_hrs_init                             0x0001dcdd   Thumb Code    86  ble_hrs.o(i.ble_hrs_init)
    ble_hrs_on_ble_evt                       0x0001dd39   Thumb Code    80  ble_hrs.o(i.ble_hrs_on_ble_evt)
    ble_hrs_rr_interval_add                  0x0001dd89   Thumb Code    46  ble_hrs.o(i.ble_hrs_rr_interval_add)
    ble_hrs_sensor_contact_detected_update   0x0001ddb7   Thumb Code     6  ble_hrs.o(i.ble_hrs_sensor_contact_detected_update)
    ble_nus_string_send                      0x0001ddbd   Thumb Code    78  ble_nus.o(i.ble_nus_string_send)
    ble_srv_ascii_to_utf8                    0x0001de11   Thumb Code    18  ble_srv_common.o(i.ble_srv_ascii_to_utf8)
    ble_srv_report_ref_encode                0x0001de23   Thumb Code    12  ble_srv_common.o(i.ble_srv_report_ref_encode)
    bond_data_load                           0x0001df21   Thumb Code    58  device_manager_peripheral.o(i.bond_data_load)
    bsp_btn_ble_init                         0x0001df69   Thumb Code    80  bsp_btn_ble.o(i.bsp_btn_ble_init)
    bsp_btn_ble_on_ble_evt                   0x0001dfbd   Thumb Code   114  bsp_btn_ble.o(i.bsp_btn_ble_on_ble_evt)
    bsp_btn_ble_sleep_mode_prepare           0x0001e035   Thumb Code    20  bsp_btn_ble.o(i.bsp_btn_ble_sleep_mode_prepare)
    bsp_button_is_pressed                    0x0001e0e9   Thumb Code    34  bsp.o(i.bsp_button_is_pressed)
    bsp_event_to_button_action_assign        0x0001e145   Thumb Code    66  bsp.o(i.bsp_event_to_button_action_assign)
    bsp_indication_set                       0x0001e18d   Thumb Code    22  bsp.o(i.bsp_indication_set)
    bsp_init                                 0x0001e1a9   Thumb Code   134  bsp.o(i.bsp_init)
    bsp_wakeup_buttons_set                   0x0001e441   Thumb Code    50  bsp.o(i.bsp_wakeup_buttons_set)
    dm_ble_evt_handler                       0x0001eccd   Thumb Code   962  device_manager_peripheral.o(i.dm_ble_evt_handler)
    dm_handle_initialize                     0x0001f0a5   Thumb Code    22  device_manager_peripheral.o(i.dm_handle_initialize)
    dm_init                                  0x0001f0c1   Thumb Code   174  device_manager_peripheral.o(i.dm_init)
    dm_register                              0x0001f2e9   Thumb Code   104  device_manager_peripheral.o(i.dm_register)
    fputc                                    0x0001f479   Thumb Code    14  retarget.o(i.fputc)
    intern_softdevice_events_execute         0x0001f8fd   Thumb Code   124  softdevice_handler.o(i.intern_softdevice_events_execute)
    main                                     0x0001fc2d   Thumb Code   340  main.o(i.main)
    nrf_drv_common_irq_enable                0x0001ff01   Thumb Code    78  nrf_drv_common.o(i.nrf_drv_common_irq_enable)
    nrf_drv_gpiote_in_event_enable           0x0001ff61   Thumb Code   138  nrf_drv_gpiote.o(i.nrf_drv_gpiote_in_event_enable)
    nrf_drv_gpiote_in_init                   0x00020001   Thumb Code   146  nrf_drv_gpiote.o(i.nrf_drv_gpiote_in_init)
    nrf_drv_gpiote_in_is_set                 0x000200a5   Thumb Code    16  nrf_drv_gpiote.o(i.nrf_drv_gpiote_in_is_set)
    nrf_drv_gpiote_init                      0x000200b9   Thumb Code    76  nrf_drv_gpiote.o(i.nrf_drv_gpiote_init)
    nrf_drv_gpiote_is_init                   0x0002010d   Thumb Code    12  nrf_drv_gpiote.o(i.nrf_drv_gpiote_is_init)
    nrf_drv_uart_init                        0x0002011d   Thumb Code   152  nrf_drv_uart.o(i.nrf_drv_uart_init)
    nrf_drv_uart_rx                          0x000201cd   Thumb Code   166  nrf_drv_uart.o(i.nrf_drv_uart_rx)
    nrf_drv_uart_rx_enable                   0x00020281   Thumb Code    20  nrf_drv_uart.o(i.nrf_drv_uart_rx_enable)
    nrf_drv_uart_tx                          0x00020299   Thumb Code   130  nrf_drv_uart.o(i.nrf_drv_uart_tx)
    pstorage_access_status_get               0x00020619   Thumb Code    30  pstorage.o(i.pstorage_access_status_get)
    pstorage_block_identifier_get            0x00020641   Thumb Code    74  pstorage.o(i.pstorage_block_identifier_get)
    pstorage_clear                           0x00020695   Thumb Code   156  pstorage.o(i.pstorage_clear)
    pstorage_init                            0x00020769   Thumb Code    68  pstorage.o(i.pstorage_init)
    pstorage_load                            0x000207b5   Thumb Code   158  pstorage.o(i.pstorage_load)
    pstorage_register                        0x0002085d   Thumb Code   180  pstorage.o(i.pstorage_register)
    pstorage_store                           0x00020919   Thumb Code   134  pstorage.o(i.pstorage_store)
    pstorage_sys_event_handler               0x000209a9   Thumb Code    72  pstorage.o(i.pstorage_sys_event_handler)
    pstorage_update                          0x000209f5   Thumb Code   134  pstorage.o(i.pstorage_update)
    sensorsim_decrement                      0x00020bd1   Thumb Code    28  sensorsim.o(i.sensorsim_decrement)
    sensorsim_increment                      0x00020bed   Thumb Code    28  sensorsim.o(i.sensorsim_increment)
    sensorsim_init                           0x00020c09   Thumb Code    24  sensorsim.o(i.sensorsim_init)
    sensorsim_measure                        0x00020c21   Thumb Code    26  sensorsim.o(i.sensorsim_measure)
    softdevice_assertion_handler             0x00020e55   Thumb Code    12  softdevice_handler.o(i.softdevice_assertion_handler)
    softdevice_ble_evt_handler_set           0x00020e61   Thumb Code    16  softdevice_handler.o(i.softdevice_ble_evt_handler_set)
    softdevice_handler_init                  0x00020e75   Thumb Code    40  softdevice_handler.o(i.softdevice_handler_init)
    softdevice_sys_evt_handler_set           0x00020ea5   Thumb Code    16  softdevice_handler.o(i.softdevice_sys_evt_handler_set)
    uart_event_handle                        0x00021359   Thumb Code    92  main.o(i.uart_event_handle)
    m_service_context_store                  0x000216b4   Data          16  device_manager_peripheral.o(.constdata)
    m_service_context_load                   0x000216c4   Data          16  device_manager_peripheral.o(.constdata)
    m_service_context_apply                  0x000216d4   Data          16  device_manager_peripheral.o(.constdata)
    Region$$Table$$Base                      0x00021754   Number         0  anon$$obj.o(Region$$Table)
    Region$$Table$$Limit                     0x00021774   Number         0  anon$$obj.o(Region$$Table)
    __stdout                                 0x20002950   Data           4  retarget.o(.data)
    SystemCoreClock                          0x20002968   Data           4  system_nrf51.o(.data)
    __initial_sp                             0x20003b28   Data           0  arm_startup_nrf51.o(STACK)



==============================================================================

Memory Map of the image

  Image Entry point : 0x0001c0c1

  Load Region LR_IROM1 (Base: 0x0001c000, Size: 0x000058e0, Max: 0x00024000, ABSOLUTE, COMPRESSED[0x00005790])

    Execution Region ER_IROM1 (Base: 0x0001c000, Size: 0x00005774, Max: 0x00024000, ABSOLUTE)

    Base Addr    Size         Type   Attr      Idx    E Section Name        Object

    0x0001c000   0x000000c0   Data   RO         2450    RESET               arm_startup_nrf51.o
    0x0001c0c0   0x00000000   Code   RO         2492  * .ARM.Collect$$$$00000000  mc_p.l(entry.o)
    0x0001c0c0   0x00000004   Code   RO         2774    .ARM.Collect$$$$00000001  mc_p.l(entry2.o)
    0x0001c0c4   0x00000004   Code   RO         2777    .ARM.Collect$$$$00000004  mc_p.l(entry5.o)
    0x0001c0c8   0x00000000   Code   RO         2779    .ARM.Collect$$$$00000008  mc_p.l(entry7b.o)
    0x0001c0c8   0x00000000   Code   RO         2781    .ARM.Collect$$$$0000000A  mc_p.l(entry8b.o)
    0x0001c0c8   0x00000008   Code   RO         2782    .ARM.Collect$$$$0000000B  mc_p.l(entry9a.o)
    0x0001c0d0   0x00000000   Code   RO         2784    .ARM.Collect$$$$0000000D  mc_p.l(entry10a.o)
    0x0001c0d0   0x00000000   Code   RO         2786    .ARM.Collect$$$$0000000F  mc_p.l(entry11a.o)
    0x0001c0d0   0x00000004   Code   RO         2775    .ARM.Collect$$$$00002712  mc_p.l(entry2.o)
    0x0001c0d4   0x0000001e   Code   RO         2149    .emb_text           app_timer.o
    0x0001c0f2   0x00000002   PAD
    0x0001c0f4   0x00000038   Code   RO         2451    .text               arm_startup_nrf51.o
    0x0001c12c   0x0000002c   Code   RO         2495    .text               mc_p.l(uidiv.o)
    0x0001c158   0x00000028   Code   RO         2497    .text               mc_p.l(idiv.o)
    0x0001c180   0x00000040   Code   RO         2501    .text               mc_p.l(memmovea.o)
    0x0001c1c0   0x00000024   Code   RO         2503    .text               mc_p.l(memseta.o)
    0x0001c1e4   0x0000000e   Code   RO         2505    .text               mc_p.l(strlen.o)
    0x0001c1f2   0x0000001a   Code   RO         2507    .text               mc_p.l(memcmp.o)
    0x0001c20c   0x00000060   Code   RO         2788    .text               mc_p.l(uldiv.o)
    0x0001c26c   0x00000024   Code   RO         2801    .text               mc_p.l(init.o)
    0x0001c290   0x00000020   Code   RO         2803    .text               mc_p.l(llshl.o)
    0x0001c2b0   0x00000022   Code   RO         2805    .text               mc_p.l(llushr.o)
    0x0001c2d2   0x0000003a   Code   RO         2821    .text               mc_p.l(__dczerorl.o)
    0x0001c30c   0x00000108   Code   RO         1397    i.GPIOTE_IRQHandler  nrf_drv_gpiote.o
    0x0001c414   0x00000044   Code   RO         2150    i.NVIC_SetPriority  app_timer.o
    0x0001c458   0x00000020   Code   RO         2151    i.RTC1_IRQHandler   app_timer.o
    0x0001c478   0x00000008   Code   RO         2152    i.SWI0_IRQHandler   app_timer.o
    0x0001c480   0x00000024   Code   RO         2377    i.SWI2_IRQHandler   softdevice_handler.o
    0x0001c4a4   0x00000054   Code   RO         2458    i.SystemInit        system_nrf51.o
    0x0001c4f8   0x00000104   Code   RO         1587    i.UART0_IRQHandler  nrf_drv_uart.o
    0x0001c5fc   0x00000020   Code   RO         2720    i.__0printf$8       mc_p.l(printf8.o)
    0x0001c61c   0x0000001a   Code   RO          527    i.__ARM_common_switch8  bsp.o
    0x0001c636   0x0000000e   Code   RO         2815    i.__scatterload_copy  mc_p.l(handlers.o)
    0x0001c644   0x00000002   Code   RO         2816    i.__scatterload_null  mc_p.l(handlers.o)
    0x0001c646   0x0000000e   Code   RO         2817    i.__scatterload_zeroinit  mc_p.l(handlers.o)
    0x0001c654   0x00000428   Code   RO         2727    i._printf_core      mc_p.l(printf8.o)
    0x0001ca7c   0x00000020   Code   RO         2728    i._printf_post_padding  mc_p.l(printf8.o)
    0x0001ca9c   0x0000002c   Code   RO         2729    i._printf_pre_padding  mc_p.l(printf8.o)
    0x0001cac8   0x00000216   Code   RO          597    i.adv_data_encode   ble_advdata.o
    0x0001ccde   0x0000003c   Code   RO          557    i.advertising_buttons_configure  bsp_btn_ble.o
    0x0001cd1a   0x00000002   PAD
    0x0001cd1c   0x00000018   Code   RO          433    i.alert_timer_handler  bsp.o
    0x0001cd34   0x00000030   Code   RO          343    i.app_beacon_scanner_init  scanner_beacon.o
    0x0001cd64   0x0000006c   Code   RO          344    i.app_beacon_scanner_on_ble_evt  scanner_beacon.o
    0x0001cdd0   0x00000002   Code   RO          345    i.app_beacon_scanner_on_sys_evt  scanner_beacon.o
    0x0001cdd2   0x00000002   PAD
    0x0001cdd4   0x0000001c   Code   RO          346    i.app_beacon_scanner_start  scanner_beacon.o
    0x0001cdf0   0x00000024   Code   RO         2014    i.app_button_enable  app_button.o
    0x0001ce14   0x00000074   Code   RO         2015    i.app_button_init   app_button.o
    0x0001ce88   0x0000001c   Code   RO         2074    i.app_error_handler  app_error.o
    0x0001cea4   0x0000000c   Code   RO          994    i.app_evt_notify    device_manager_peripheral.o
    0x0001ceb0   0x00000016   Code   RO         2096    i.app_fifo_get      app_fifo.o
    0x0001cec6   0x00000024   Code   RO         2097    i.app_fifo_init     app_fifo.o
    0x0001ceea   0x0000001a   Code   RO         2098    i.app_fifo_put      app_fifo.o
    0x0001cf04   0x0000002c   Code   RO         1734    i.app_notify        pstorage.o
    0x0001cf30   0x00000020   Code   RO         1735    i.app_notify_error_state_transit  pstorage.o
    0x0001cf50   0x0000002c   Code   RO         2155    i.app_timer_create  app_timer.o
    0x0001cf7c   0x00000090   Code   RO         2156    i.app_timer_init    app_timer.o
    0x0001d00c   0x0000007c   Code   RO         2157    i.app_timer_start   app_timer.o
    0x0001d088   0x00000054   Code   RO         2158    i.app_timer_stop    app_timer.o
    0x0001d0dc   0x00000034   Code   RO         1269    i.app_uart_get      app_uart_fifo.o
    0x0001d110   0x000000a0   Code   RO         1270    i.app_uart_init     app_uart_fifo.o
    0x0001d1b0   0x00000028   Code   RO         1271    i.app_uart_put      app_uart_fifo.o
    0x0001d1d8   0x00000138   Code   RO          755    i.battery_level_char_add  ble_bas.o
    0x0001d310   0x00000044   Code   RO            4    i.battery_level_meas_timeout_handler  main.o
    0x0001d354   0x0000011c   Code   RO            5    i.beacon_evt_handler  main.o
    0x0001d470   0x0000000c   Code   RO            6    i.beacon_scanner_error_handler  main.o
    0x0001d47c   0x00000068   Code   RO          598    i.ble_advdata_set   ble_advdata.o
    0x0001d4e4   0x00000124   Code   RO          668    i.ble_advertising_init  ble_advertising.o
    0x0001d608   0x0000007c   Code   RO          669    i.ble_advertising_on_ble_evt  ble_advertising.o
    0x0001d684   0x00000030   Code   RO          670    i.ble_advertising_on_sys_evt  ble_advertising.o
    0x0001d6b4   0x00000010   Code   RO          672    i.ble_advertising_peer_address_clear  ble_advertising.o
    0x0001d6c4   0x000001e0   Code   RO          674    i.ble_advertising_start  ble_advertising.o
    0x0001d8a4   0x00000074   Code   RO          756    i.ble_bas_battery_level_update  ble_bas.o
    0x0001d918   0x00000048   Code   RO          757    i.ble_bas_init      ble_bas.o
    0x0001d960   0x0000005e   Code   RO          758    i.ble_bas_on_ble_evt  ble_bas.o
    0x0001d9be   0x00000002   PAD
    0x0001d9c0   0x00000054   Code   RO          791    i.ble_conn_params_init  ble_conn_params.o
    0x0001da14   0x00000090   Code   RO          792    i.ble_conn_params_on_ble_evt  ble_conn_params.o
    0x0001daa4   0x0000005e   Code   RO          599    i.ble_device_addr_encode  ble_advdata.o
    0x0001db02   0x00000002   PAD
    0x0001db04   0x00000140   Code   RO          850    i.ble_dis_init      ble_dis.o
    0x0001dc44   0x00000040   Code   RO            7    i.ble_evt_dispatch  main.o
    0x0001dc84   0x00000058   Code   RO          886    i.ble_hrs_heart_rate_measurement_send  ble_hrs.o
    0x0001dcdc   0x0000005c   Code   RO          887    i.ble_hrs_init      ble_hrs.o
    0x0001dd38   0x00000050   Code   RO          888    i.ble_hrs_on_ble_evt  ble_hrs.o
    0x0001dd88   0x0000002e   Code   RO          889    i.ble_hrs_rr_interval_add  ble_hrs.o
    0x0001ddb6   0x00000006   Code   RO          891    i.ble_hrs_sensor_contact_detected_update  ble_hrs.o
    0x0001ddbc   0x00000054   Code   RO         1975    i.ble_nus_string_send  ble_nus.o
    0x0001de10   0x00000012   Code   RO          957    i.ble_srv_ascii_to_utf8  ble_srv_common.o
    0x0001de22   0x0000000c   Code   RO          958    i.ble_srv_report_ref_encode  ble_srv_common.o
    0x0001de2e   0x00000002   PAD
    0x0001de30   0x00000068   Code   RO            8    i.ble_stack_init    main.o
    0x0001de98   0x00000088   Code   RO          893    i.body_sensor_location_char_add  ble_hrs.o
    0x0001df20   0x00000048   Code   RO          995    i.bond_data_load    device_manager_peripheral.o
    0x0001df68   0x00000054   Code   RO          558    i.bsp_btn_ble_init  bsp_btn_ble.o
    0x0001dfbc   0x00000078   Code   RO          559    i.bsp_btn_ble_on_ble_evt  bsp_btn_ble.o
    0x0001e034   0x00000014   Code   RO          560    i.bsp_btn_ble_sleep_mode_prepare  bsp_btn_ble.o
    0x0001e048   0x000000a0   Code   RO          434    i.bsp_button_event_handler  bsp.o
    0x0001e0e8   0x0000002c   Code   RO          435    i.bsp_button_is_pressed  bsp.o
    0x0001e114   0x00000030   Code   RO            9    i.bsp_event_handler  main.o
    0x0001e144   0x00000048   Code   RO          439    i.bsp_event_to_button_action_assign  bsp.o
    0x0001e18c   0x0000001c   Code   RO          440    i.bsp_indication_set  bsp.o
    0x0001e1a8   0x000000a0   Code   RO          442    i.bsp_init          bsp.o
    0x0001e248   0x000001f8   Code   RO          443    i.bsp_led_indication  bsp.o
    0x0001e440   0x0000003c   Code   RO          444    i.bsp_wakeup_buttons_set  bsp.o
    0x0001e47c   0x0000000c   Code   RO          445    i.button_timer_handler  bsp.o
    0x0001e488   0x0000001c   Code   RO         1398    i.channel_free      nrf_drv_gpiote.o
    0x0001e4a4   0x00000048   Code   RO         1399    i.channel_port_alloc  nrf_drv_gpiote.o
    0x0001e4ec   0x00000010   Code   RO         1400    i.channel_port_get  nrf_drv_gpiote.o
    0x0001e4fc   0x000000a0   Code   RO          851    i.char_add          ble_dis.o
    0x0001e59c   0x00000104   Code   RO         1736    i.clear_operation_execute  pstorage.o
    0x0001e6a0   0x00000024   Code   RO         1737    i.clear_post_processing_run  pstorage.o
    0x0001e6c4   0x00000038   Code   RO         1738    i.cmd_process       pstorage.o
    0x0001e6fc   0x00000020   Code   RO         1739    i.cmd_queue_element_init  pstorage.o
    0x0001e71c   0x0000004c   Code   RO         1740    i.cmd_queue_enqueue  pstorage.o
    0x0001e768   0x0000003c   Code   RO         1741    i.command_end_procedure_run  pstorage.o
    0x0001e7a4   0x000000a8   Code   RO         2160    i.compare_reg_update  app_timer.o
    0x0001e84c   0x00000088   Code   RO          600    i.conn_int_encode   ble_advdata.o
    0x0001e8d4   0x0000000c   Code   RO           10    i.conn_params_error_handler  main.o
    0x0001e8e0   0x00000068   Code   RO          794    i.conn_params_negotiation  ble_conn_params.o
    0x0001e948   0x00000030   Code   RO          996    i.connection_instance_find  device_manager_peripheral.o
    0x0001e978   0x00000024   Code   RO          997    i.connection_instance_init  device_manager_peripheral.o
    0x0001e99c   0x00000054   Code   RO         1742    i.data_page_erase_state_run  pstorage.o
    0x0001e9f0   0x00000028   Code   RO         1743    i.data_to_swap_write_state_run  pstorage.o
    0x0001ea18   0x00000052   Code   RO          348    i.decode_ad_manuf_spec_data  scanner_beacon.o
    0x0001ea6a   0x00000002   PAD
    0x0001ea6c   0x00000060   Code   RO         2017    i.detection_delay_timeout_handler  app_button.o
    0x0001eacc   0x000000b0   Code   RO          998    i.device_context_store  device_manager_peripheral.o
    0x0001eb7c   0x00000054   Code   RO          999    i.device_instance_allocate  device_manager_peripheral.o
    0x0001ebd0   0x00000048   Code   RO         1000    i.device_instance_find  device_manager_peripheral.o
    0x0001ec18   0x0000002c   Code   RO         1001    i.device_instance_free  device_manager_peripheral.o
    0x0001ec44   0x00000012   Code   RO           11    i.device_manager_evt_handler  main.o
    0x0001ec56   0x00000002   PAD
    0x0001ec58   0x00000074   Code   RO           12    i.device_manager_init  main.o
    0x0001eccc   0x000003d8   Code   RO         1006    i.dm_ble_evt_handler  device_manager_peripheral.o
    0x0001f0a4   0x0000001c   Code   RO         1012    i.dm_handle_initialize  device_manager_peripheral.o
    0x0001f0c0   0x000000c4   Code   RO         1013    i.dm_init           device_manager_peripheral.o
    0x0001f184   0x00000164   Code   RO         1016    i.dm_pstorage_cb_handler  device_manager_peripheral.o
    0x0001f2e8   0x00000074   Code   RO         1017    i.dm_register       device_manager_peripheral.o
    0x0001f35c   0x00000040   Code   RO         2161    i.elapsed_ticks_acquire  app_timer.o
    0x0001f39c   0x00000014   Code   RO         2101    i.fifo_get          app_fifo.o
    0x0001f3b0   0x00000012   Code   RO         2102    i.fifo_put          app_fifo.o
    0x0001f3c2   0x00000002   PAD
    0x0001f3c4   0x00000020   Code   RO         1744    i.flash_api_err_code_process  pstorage.o
    0x0001f3e4   0x00000080   Code   RO         1745    i.flash_operation_success_run  pstorage.o
    0x0001f464   0x0000000a   Code   RO         1746    i.flash_page_erase  pstorage.o
    0x0001f46e   0x0000000a   Code   RO         1747    i.flash_write       pstorage.o
    0x0001f478   0x0000000e   Code   RO         2312    i.fputc             retarget.o
    0x0001f486   0x00000002   PAD
    0x0001f488   0x00000064   Code   RO           13    i.gap_params_init   main.o
    0x0001f4ec   0x00000004   Code   RO         1024    i.gattc_context_apply  device_manager_peripheral.o
    0x0001f4f0   0x00000004   Code   RO         1025    i.gattc_context_load  device_manager_peripheral.o
    0x0001f4f4   0x00000004   Code   RO         1026    i.gattc_context_store  device_manager_peripheral.o
    0x0001f4f8   0x000000b0   Code   RO         1027    i.gatts_context_apply  device_manager_peripheral.o
    0x0001f5a8   0x00000030   Code   RO         1028    i.gatts_context_load  device_manager_peripheral.o
    0x0001f5d8   0x000000ac   Code   RO         1029    i.gatts_context_store  device_manager_peripheral.o
    0x0001f684   0x00000008   Code   RO         1030    i.gattsc_context_apply  device_manager_peripheral.o
    0x0001f68c   0x00000008   Code   RO         1031    i.gattsc_context_load  device_manager_peripheral.o
    0x0001f694   0x00000008   Code   RO         1032    i.gattsc_context_store  device_manager_peripheral.o
    0x0001f69c   0x00000050   Code   RO         2018    i.gpiote_event_handler  app_button.o
    0x0001f6ec   0x00000078   Code   RO         1748    i.head_restore_state_run  pstorage.o
    0x0001f764   0x00000060   Code   RO           14    i.heart_rate_meas_timeout_handler  main.o
    0x0001f7c4   0x000000b0   Code   RO          894    i.heart_rate_measurement_char_add  ble_hrs.o
    0x0001f874   0x00000088   Code   RO          895    i.hrm_encode        ble_hrs.o
    0x0001f8fc   0x00000080   Code   RO         2378    i.intern_softdevice_events_execute  softdevice_handler.o
    0x0001f97c   0x0000001c   Code   RO          795    i.is_conn_params_ok  ble_conn_params.o
    0x0001f998   0x00000048   Code   RO         2459    i.is_manual_peripheral_setup_needed  system_nrf51.o
    0x0001f9e0   0x00000044   Code   RO         1749    i.is_page_erase_required  pstorage.o
    0x0001fa24   0x0000000c   Code   RO         1750    i.is_word_aligned   pstorage.o
    0x0001fa30   0x00000054   Code   RO          601    i.le_role_encode    ble_advdata.o
    0x0001fa84   0x00000018   Code   RO          446    i.leds_timer_handler  bsp.o
    0x0001fa9c   0x000000bc   Code   RO         2162    i.list_deletions_handler  app_timer.o
    0x0001fb58   0x000000d4   Code   RO         2163    i.list_insertions_handler  app_timer.o
    0x0001fc2c   0x000001a8   Code   RO           15    i.main              main.o
    0x0001fdd4   0x00000018   Code   RO         1751    i.main_state_err_busy_process  pstorage.o
    0x0001fdec   0x00000068   Code   RO          602    i.manuf_specific_data_encode  ble_advdata.o
    0x0001fe54   0x0000009e   Code   RO          603    i.name_encode       ble_advdata.o
    0x0001fef2   0x00000004   Code   RO         1033    i.no_service_context_apply  device_manager_peripheral.o
    0x0001fef6   0x00000004   Code   RO         1034    i.no_service_context_load  device_manager_peripheral.o
    0x0001fefa   0x00000004   Code   RO         1035    i.no_service_context_store  device_manager_peripheral.o
    0x0001fefe   0x00000002   PAD
    0x0001ff00   0x00000060   Code   RO         1371    i.nrf_drv_common_irq_enable  nrf_drv_common.o
    0x0001ff60   0x000000a0   Code   RO         1403    i.nrf_drv_gpiote_in_event_enable  nrf_drv_gpiote.o
    0x00020000   0x000000a4   Code   RO         1404    i.nrf_drv_gpiote_in_init  nrf_drv_gpiote.o
    0x000200a4   0x00000014   Code   RO         1405    i.nrf_drv_gpiote_in_is_set  nrf_drv_gpiote.o
    0x000200b8   0x00000054   Code   RO         1407    i.nrf_drv_gpiote_init  nrf_drv_gpiote.o
    0x0002010c   0x00000010   Code   RO         1408    i.nrf_drv_gpiote_is_init  nrf_drv_gpiote.o
    0x0002011c   0x000000b0   Code   RO         1589    i.nrf_drv_uart_init  nrf_drv_uart.o
    0x000201cc   0x000000b4   Code   RO         1590    i.nrf_drv_uart_rx   nrf_drv_uart.o
    0x00020280   0x00000018   Code   RO         1593    i.nrf_drv_uart_rx_enable  nrf_drv_uart.o
    0x00020298   0x0000008c   Code   RO         1594    i.nrf_drv_uart_tx   nrf_drv_uart.o
    0x00020324   0x00000024   Code   RO         1420    i.nrf_gpio_cfg      nrf_drv_gpiote.o
    0x00020348   0x00000024   Code   RO         1597    i.nrf_gpio_cfg      nrf_drv_uart.o
    0x0002036c   0x00000012   Code   RO         1599    i.nrf_gpio_cfg_input  nrf_drv_uart.o
    0x0002037e   0x00000014   Code   RO         1600    i.nrf_gpio_cfg_output  nrf_drv_uart.o
    0x00020392   0x00000002   PAD
    0x00020394   0x00000020   Code   RO         1422    i.nrf_gpio_cfg_sense_set  nrf_drv_gpiote.o
    0x000203b4   0x00000014   Code   RO         1423    i.nrf_gpiote_event_is_set  nrf_drv_gpiote.o
    0x000203c8   0x0000000a   Code   RO         1601    i.nrf_uart_event_check  nrf_drv_uart.o
    0x000203d2   0x00000010   Code   RO         1602    i.nrf_uart_int_enable_check  nrf_drv_uart.o
    0x000203e2   0x00000024   Code   RO           16    i.on_adv_evt        main.o
    0x00020406   0x00000002   PAD
    0x00020408   0x0000012c   Code   RO           17    i.on_ble_evt        main.o
    0x00020534   0x00000024   Code   RO           18    i.on_conn_params_evt  main.o
    0x00020558   0x00000016   Code   RO          676    i.peer_address_exists  ble_advertising.o
    0x0002056e   0x00000002   PAD
    0x00020570   0x00000038   Code   RO         1036    i.peer_instance_init  device_manager_peripheral.o
    0x000205a8   0x00000018   Code   RO         1424    i.pin_in_use_by_port  nrf_drv_gpiote.o
    0x000205c0   0x00000018   Code   RO         1425    i.pin_in_use_by_te  nrf_drv_gpiote.o
    0x000205d8   0x0000003e   Code   RO          852    i.pnp_id_encode     ble_dis.o
    0x00020616   0x00000002   PAD
    0x00020618   0x00000028   Code   RO         1752    i.pstorage_access_status_get  pstorage.o
    0x00020640   0x00000054   Code   RO         1753    i.pstorage_block_identifier_get  pstorage.o
    0x00020694   0x000000a4   Code   RO         1754    i.pstorage_clear    pstorage.o
    0x00020738   0x00000024   Code   RO         1755    i.pstorage_flash_page_end  pstorage.o
    0x0002075c   0x0000000a   Code   RO         1756    i.pstorage_flash_page_size  pstorage.o
    0x00020766   0x00000002   PAD
    0x00020768   0x0000004c   Code   RO         1757    i.pstorage_init     pstorage.o
    0x000207b4   0x000000a8   Code   RO         1758    i.pstorage_load     pstorage.o
    0x0002085c   0x000000bc   Code   RO         1759    i.pstorage_register  pstorage.o
    0x00020918   0x00000090   Code   RO         1760    i.pstorage_store    pstorage.o
    0x000209a8   0x0000004c   Code   RO         1761    i.pstorage_sys_event_handler  pstorage.o
    0x000209f4   0x00000090   Code   RO         1762    i.pstorage_update   pstorage.o
    0x00020a84   0x00000028   Code   RO           19    i.rr_interval_timeout_handler  main.o
    0x00020aac   0x00000044   Code   RO         2164    i.rtc1_stop         app_timer.o
    0x00020af0   0x0000002c   Code   RO         1603    i.rx_byte           nrf_drv_uart.o
    0x00020b1c   0x00000020   Code   RO         1604    i.rx_done_event     nrf_drv_uart.o
    0x00020b3c   0x0000001c   Code   RO         1605    i.rx_enable         nrf_drv_uart.o
    0x00020b58   0x0000001c   Code   RO           20    i.sensor_contact_detected_timeout_handler  main.o
    0x00020b74   0x0000005c   Code   RO           21    i.sensor_simulator_init  main.o
    0x00020bd0   0x0000001c   Code   RO         2343    i.sensorsim_decrement  sensorsim.o
    0x00020bec   0x0000001c   Code   RO         2344    i.sensorsim_increment  sensorsim.o
    0x00020c08   0x00000018   Code   RO         2345    i.sensorsim_init    sensorsim.o
    0x00020c20   0x0000001a   Code   RO         2346    i.sensorsim_measure  sensorsim.o
    0x00020c3a   0x0000008e   Code   RO          604    i.service_data_encode  ble_advdata.o
    0x00020cc8   0x000000fc   Code   RO           22    i.services_init     main.o
    0x00020dc4   0x00000046   Code   RO           23    i.sleep_mode_enter  main.o
    0x00020e0a   0x00000002   PAD
    0x00020e0c   0x00000048   Code   RO         1763    i.sm_state_change   pstorage.o
    0x00020e54   0x0000000c   Code   RO         2379    i.softdevice_assertion_handler  softdevice_handler.o
    0x00020e60   0x00000014   Code   RO         2380    i.softdevice_ble_evt_handler_set  softdevice_handler.o
    0x00020e74   0x00000030   Code   RO         2381    i.softdevice_handler_init  softdevice_handler.o
    0x00020ea4   0x00000014   Code   RO         2384    i.softdevice_sys_evt_handler_set  softdevice_handler.o
    0x00020eb8   0x00000064   Code   RO         1764    i.state_data_erase_swap_entry_run  pstorage.o
    0x00020f1c   0x00000010   Code   RO         1765    i.state_erase_data_page_entry_run  pstorage.o
    0x00020f2c   0x00000028   Code   RO         1766    i.state_restore_head_entry_run  pstorage.o
    0x00020f54   0x0000004c   Code   RO         1767    i.state_restore_tail_entry_run  pstorage.o
    0x00020fa0   0x00000020   Code   RO         1768    i.state_swap_erase_entry_run  pstorage.o
    0x00020fc0   0x00000030   Code   RO         1769    i.state_write_data_swap_entry_run  pstorage.o
    0x00020ff0   0x00000004   Code   RO         1037    i.storage_operation_dummy_handler  device_manager_peripheral.o
    0x00020ff4   0x0000005c   Code   RO         1770    i.store_cmd_flash_write_execute  pstorage.o
    0x00021050   0x0000001c   Code   RO         1771    i.swap_erase_state_run  pstorage.o
    0x0002106c   0x00000018   Code   RO         1772    i.swap_sub_state_err_busy_process  pstorage.o
    0x00021084   0x00000014   Code   RO         1773    i.swap_sub_state_state_change  pstorage.o
    0x00021098   0x00000016   Code   RO           24    i.sys_evt_dispatch  main.o
    0x000210ae   0x00000056   Code   RO          853    i.sys_id_encode     ble_dis.o
    0x00021104   0x0000001c   Code   RO         1774    i.tail_restore_state_run  pstorage.o
    0x00021120   0x00000084   Code   RO         2165    i.timer_list_handler  app_timer.o
    0x000211a4   0x00000010   Code   RO         2166    i.timer_list_handler_sched  app_timer.o
    0x000211b4   0x00000040   Code   RO         2167    i.timer_list_insert  app_timer.o
    0x000211f4   0x00000084   Code   RO         2168    i.timer_timeouts_check  app_timer.o
    0x00021278   0x00000094   Code   RO           25    i.timers_init       main.o
    0x0002130c   0x0000002c   Code   RO         1606    i.tx_byte           nrf_drv_uart.o
    0x00021338   0x00000020   Code   RO         1607    i.tx_done_event     nrf_drv_uart.o
    0x00021358   0x00000068   Code   RO           26    i.uart_event_handle  main.o
    0x000213c0   0x000000a4   Code   RO         1272    i.uart_event_handler  app_uart_fifo.o
    0x00021464   0x0000000a   Code   RO          349    i.uint16_decode     scanner_beacon.o
    0x0002146e   0x0000000a   Code   RO          605    i.uint16_encode     ble_advdata.o
    0x00021478   0x00000014   Code   RO         1038    i.update_status_bit_reset  device_manager_peripheral.o
    0x0002148c   0x00000064   Code   RO          796    i.update_timeout_handler  ble_conn_params.o
    0x000214f0   0x00000054   Code   RO         2169    i.user_id_get       app_timer.o
    0x00021544   0x00000026   Code   RO         2170    i.user_op_alloc     app_timer.o
    0x0002156a   0x00000030   Code   RO          606    i.uuid_list_encode  ble_advdata.o
    0x0002159a   0x000000ae   Code   RO          607    i.uuid_list_sized_encode  ble_advdata.o
    0x00021648   0x00000010   Code   RO          677    i.whitelist_has_entries  ble_advertising.o
    0x00021658   0x0000001c   Data   RO           32    .constdata          main.o
    0x00021674   0x0000003c   Data   RO          451    .constdata          bsp.o
    0x000216b0   0x00000004   Data   RO          799    .constdata          ble_conn_params.o
    0x000216b4   0x00000030   Data   RO         1040    .constdata          device_manager_peripheral.o
    0x000216e4   0x00000020   Data   RO         1274    .constdata          app_uart_fifo.o
    0x00021704   0x00000020   Data   RO         1609    .constdata          nrf_drv_uart.o
    0x00021724   0x00000028   Data   RO         1776    .constdata          pstorage.o
    0x0002174c   0x00000008   Data   RO         2020    .constdata          app_button.o
    0x00021754   0x00000020   Data   RO         2813    Region$$Table       anon$$obj.o


    Execution Region RW_IRAM1 (Base: 0x20002800, Size: 0x00001328, Max: 0x00005800, ABSOLUTE, COMPRESSED[0x0000001c])

    Base Addr    Size         Type   Attr      Idx    E Section Name        Object

    0x20002800   0x00000038   Data   RW           33    .data               main.o
    0x20002838   0x00000018   Data   RW          452    .data               bsp.o
    0x20002850   0x00000008   Data   RW          561    .data               bsp_btn_ble.o
    0x20002858   0x0000001f   Data   RW          679    .data               ble_advertising.o
    0x20002877   0x00000001   PAD
    0x20002878   0x00000014   Data   RW          800    .data               ble_conn_params.o
    0x2000288c   0x0000004a   Data   RW          854    .data               ble_dis.o
    0x200028d6   0x00000002   PAD
    0x200028d8   0x00000018   Data   RW         1042    .data               device_manager_peripheral.o
    0x200028f0   0x00000008   Data   RW         1275    .data               app_uart_fifo.o
    0x200028f8   0x00000024   Data   RW         1777    .data               pstorage.o
    0x2000291c   0x00000014   Data   RW         2021    .data               app_button.o
    0x20002930   0x00000020   Data   RW         2171    .data               app_timer.o
    0x20002950   0x00000004   Data   RW         2313    .data               retarget.o
    0x20002954   0x00000014   Data   RW         2385    .data               softdevice_handler.o
    0x20002968   0x00000004   Data   RW         2460    .data               system_nrf51.o
    0x2000296c   0x00000020   Zero   RW           27    .bss                main.o
    0x2000298c   0x00000020   Zero   RW           28    .bss                main.o
    0x200029ac   0x00000020   Zero   RW           29    .bss                main.o
    0x200029cc   0x00000020   Zero   RW           30    .bss                main.o
    0x200029ec   0x000004d8   Zero   RW           31    .bss                main.o
    0x20002ec4   0x00000018   Zero   RW          350    .bss                scanner_beacon.o
    0x20002edc   0x00000020   Zero   RW          447    .bss                bsp.o
    0x20002efc   0x00000020   Zero   RW          448    .bss                bsp.o
    0x20002f1c   0x0000000c   Zero   RW          449    .bss                bsp.o
    0x20002f28   0x00000020   Zero   RW          450    .bss                bsp.o
    0x20002f48   0x00000103   Zero   RW          678    .bss                ble_advertising.o
    0x2000304b   0x00000001   PAD
    0x2000304c   0x00000020   Zero   RW          797    .bss                ble_conn_params.o
    0x2000306c   0x0000001c   Zero   RW          798    .bss                ble_conn_params.o
    0x20003088   0x00000127   Zero   RW         1039    .bss                device_manager_peripheral.o
    0x200031af   0x00000001   PAD
    0x200031b0   0x00000020   Zero   RW         1273    .bss                app_uart_fifo.o
    0x200031d0   0x00000048   Zero   RW         1426    .bss                nrf_drv_gpiote.o
    0x20003218   0x00000018   Zero   RW         1608    .bss                nrf_drv_uart.o
    0x20003230   0x000000d8   Zero   RW         1775    .bss                pstorage.o
    0x20003308   0x00000020   Zero   RW         2019    .bss                app_button.o
    0x20003328   0x00000800   Zero   RW         2448    STACK               arm_startup_nrf51.o


==============================================================================

Image component sizes


      Code (inc. data)   RO Data    RW Data    ZI Data      Debug   Object Name

       328         34          8         20         32       9470   app_button.o
        28         10          0          0          0       7804   app_error.o
       122          0          0          0          0       4650   app_fifo.o
      1700        152          0         32          0      30263   app_timer.o
       416         42         32          8         32      12438   app_uart_fifo.o
        56         18        192          0       2048        760   arm_startup_nrf51.o
      1588          6          0          0          0      19756   ble_advdata.o
       998         34          0         31        259      16061   ble_advertising.o
       594         20          0          0          0      13035   ble_bas.o
       460         58          4         20         60       7108   ble_conn_params.o
       628         16          0         74          0       7087   ble_dis.o
       760         22          0          0          0      11029   ble_hrs.o
        84          6          0          0          0       3354   ble_nus.o
        30          0          0          0          0       2316   ble_srv_common.o
      1114        118         60         24        108      21989   bsp.o
       284         10          0          8          0       5585   bsp_btn_ble.o
      2748        198         48         24        295      35473   device_manager_peripheral.o
      2474        524         28         56       1368     109031   main.o
        96         18          0          0          0       8560   nrf_drv_common.o
       960        128          0          0         72      23028   nrf_drv_gpiote.o
      1060        116         32          0         24      23884   nrf_drv_uart.o
      2830        262         40         36        216      40342   pstorage.o
        14          0          0          4          0       3006   retarget.o
       278         16          0          0         24      45553   scanner_beacon.o
       106          0          0          0          0       4207   sensorsim.o
       264         24          0         20          0      11584   softdevice_handler.o
       156         26          0          4          0       2411   system_nrf51.o

    ----------------------------------------------------------------------
     20210       1858        476        364       4540     479784   Object Totals
         0          0         32          0          0          0   (incl. Generated)
        34          0          0          3          2          0   (incl. Padding)

    ----------------------------------------------------------------------

      Code (inc. data)   RO Data    RW Data    ZI Data      Debug   Library Member Name

        58          0          0          0          0          0   __dczerorl.o
         0          0          0          0          0          0   entry.o
         0          0          0          0          0          0   entry10a.o
         0          0          0          0          0          0   entry11a.o
         8          4          0          0          0          0   entry2.o
         4          0          0          0          0          0   entry5.o
         0          0          0          0          0          0   entry7b.o
         0          0          0          0          0          0   entry8b.o
         8          4          0          0          0          0   entry9a.o
        30          0          0          0          0          0   handlers.o
        40          0          0          0          0         72   idiv.o
        36          8          0          0          0         68   init.o
        32          0          0          0          0         68   llshl.o
        34          0          0          0          0         68   llushr.o
        26          0          0          0          0         72   memcmp.o
        64          0          0          0          0         68   memmovea.o
        36          0          0          0          0        100   memseta.o
      1172         52          0          0          0        324   printf8.o
        14          0          0          0          0         60   strlen.o
        44          0          0          0          0         72   uidiv.o
        96          0          0          0          0         84   uldiv.o

    ----------------------------------------------------------------------
      1702         68          0          0          0       1056   Library Totals
         0          0          0          0          0          0   (incl. Padding)

    ----------------------------------------------------------------------

      Code (inc. data)   RO Data    RW Data    ZI Data      Debug   Library Name

      1702         68          0          0          0       1056   mc_p.l

    ----------------------------------------------------------------------
      1702         68          0          0          0       1056   Library Totals

    ----------------------------------------------------------------------

==============================================================================


      Code (inc. data)   RO Data    RW Data    ZI Data      Debug   

     21912       1926        476        364       4540     470540   Grand Totals
     21912       1926        476         28       4540     470540   ELF Image Totals (compressed)
     21912       1926        476         28          0          0   ROM Totals

==============================================================================

    Total RO  Size (Code + RO Data)                22388 (  21.86kB)
    Total RW  Size (RW Data + ZI Data)              4904 (   4.79kB)
    Total ROM Size (Code + RO Data + RW Data)      22416 (  21.89kB)

==============================================================================

